// Jest Snapshot v1, https://goo.gl/fbAQLP

exports[`TodoList should render the component 1`] = `
<div>
  <Connect(AddTodo) />
  <Connect(VisibleTodoList) />
  <Footer />
</div>
`;
