// Jest Snapshot v1, https://goo.gl/fbAQLP

exports[`Todo should render the component 1`] = `
<li>
  <Checkbox
    checked={false}
    className="Todo__Checkbox"
    label={
      Object {
        "children": "test",
      }
    }
    onClick={[Function]}
    type="checkbox"
  />
</li>
`;
